fieldplay start tag=v8plain-hb1-nofix maxf=18000 dlat=34 seed=114 warm=0
MODE f=1 -1->0 hold=0 match=0 vc1=0 vc2=0 fill1=0 fill2=0 goes=0 dones=0
MODE f=31 0->1 hold=0 match=0 vc1=0 vc2=0 fill1=0 fill2=0 goes=0 dones=0
SEEDPOKE f=31 round=1 s17=4F s18=44
MODE f=37 1->2 hold=0 match=0 vc1=0 vc2=0 fill1=0 fill2=0 goes=0 dones=0
MODE f=40 2->3 hold=0 match=0 vc1=0 vc2=0 fill1=0 fill2=0 goes=0 dones=0
MODE f=41 3->8 hold=0 match=0 vc1=0 vc2=0 fill1=0 fill2=0 goes=0 dones=0
MODE f=219 8->4 hold=0 match=0 vc1=72 vc2=72 fill1=48 fill2=48 goes=0 dones=0
MODE f=773 4->5 hold=0 match=1 vc1=72 vc2=72 fill1=60 fill2=62 goes=8 dones=7
HOLD ARM f=774 ep=1 mode=7 match_active=0 vc1=72 vc2=72
MODE f=774 5->7 hold=1 match=0 vc1=72 vc2=72 fill1=21 fill2=62 goes=8 dones=7
HOLD REL f=781 mode=7 held=0
MODE f=887 7->3 hold=0 match=0 vc1=72 vc2=72 fill1=0 fill2=0 goes=8 dones=7
SEEDPOKE f=887 round=2 s17=02 s18=49
MODE f=888 3->8 hold=0 match=0 vc1=72 vc2=72 fill1=0 fill2=0 goes=8 dones=7
MODE f=1066 8->4 hold=0 match=0 vc1=72 vc2=72 fill1=48 fill2=48 goes=8 dones=7
MODE f=1294 4->0 hold=0 match=1 vc1=0 vc2=0 fill1=0 fill2=0 goes=11 dones=10
MODE f=1321 0->1 hold=0 match=1 vc1=0 vc2=0 fill1=0 fill2=0 goes=11 dones=10
SEEDPOKE f=1321 round=3 s17=7C s18=3E
MODE f=1333 1->2 hold=0 match=1 vc1=0 vc2=0 fill1=0 fill2=0 goes=11 dones=10
MODE f=1336 2->3 hold=0 match=1 vc1=0 vc2=0 fill1=0 fill2=0 goes=11 dones=10
MODE f=1337 3->8 hold=0 match=1 vc1=0 vc2=0 fill1=0 fill2=0 goes=11 dones=10
MODE f=1424 8->0 hold=0 match=1 vc1=0 vc2=0 fill1=0 fill2=0 goes=11 dones=10
MODE f=1441 0->1 hold=0 match=1 vc1=0 vc2=0 fill1=0 fill2=0 goes=11 dones=10
MODE f=1453 1->2 hold=0 match=1 vc1=0 vc2=0 fill1=0 fill2=0 goes=11 dones=10
MODE f=1456 2->3 hold=0 match=1 vc1=0 vc2=0 fill1=0 fill2=0 goes=11 dones=10
MODE f=1457 3->8 hold=0 match=1 vc1=0 vc2=0 fill1=0 fill2=0 goes=11 dones=10
MODE f=1554 8->0 hold=0 match=1 vc1=0 vc2=0 fill1=0 fill2=0 goes=11 dones=10
MODE f=1591 0->1 hold=0 match=1 vc1=0 vc2=0 fill1=0 fill2=0 goes=11 dones=10
MODE f=1597 1->2 hold=0 match=1 vc1=0 vc2=0 fill1=0 fill2=0 goes=11 dones=10
MODE f=1600 2->3 hold=0 match=1 vc1=0 vc2=0 fill1=0 fill2=0 goes=11 dones=10
MODE f=1601 3->8 hold=0 match=1 vc1=0 vc2=0 fill1=0 fill2=0 goes=11 dones=10
MODE f=1684 8->0 hold=0 match=1 vc1=0 vc2=0 fill1=0 fill2=0 goes=11 dones=10
MODE f=1711 0->1 hold=0 match=1 vc1=0 vc2=0 fill1=0 fill2=0 goes=11 dones=10
MODE f=1717 1->2 hold=0 match=1 vc1=0 vc2=0 fill1=0 fill2=0 goes=11 dones=10
MODE f=1720 2->3 hold=0 match=1 vc1=0 vc2=0 fill1=0 fill2=0 goes=11 dones=10
MODE f=1721 3->8 hold=0 match=1 vc1=0 vc2=0 fill1=0 fill2=0 goes=11 dones=10
MODE f=1814 8->0 hold=0 match=1 vc1=0 vc2=0 fill1=0 fill2=0 goes=11 dones=10
MODE f=1831 0->1 hold=0 match=1 vc1=0 vc2=0 fill1=0 fill2=0 goes=11 dones=10
MODE f=1837 1->2 hold=0 match=1 vc1=0 vc2=0 fill1=0 fill2=0 goes=11 dones=10
MODE f=1840 2->3 hold=0 match=1 vc1=0 vc2=0 fill1=0 fill2=0 goes=11 dones=10
MODE f=1841 3->8 hold=0 match=1 vc1=0 vc2=0 fill1=0 fill2=0 goes=11 dones=10
MODE f=1944 8->0 hold=0 match=1 vc1=0 vc2=0 fill1=0 fill2=0 goes=11 dones=10
MODE f=1981 0->1 hold=0 match=1 vc1=0 vc2=0 fill1=0 fill2=0 goes=11 dones=10
MODE f=1993 1->2 hold=0 match=1 vc1=0 vc2=0 fill1=0 fill2=0 goes=11 dones=10
MODE f=1996 2->3 hold=0 match=1 vc1=0 vc2=0 fill1=0 fill2=0 goes=11 dones=10
MODE f=1997 3->8 hold=0 match=1 vc1=0 vc2=0 fill1=0 fill2=0 goes=11 dones=10
MODE f=2074 8->0 hold=0 match=1 vc1=0 vc2=0 fill1=0 fill2=0 goes=11 dones=10
MODE f=2101 0->1 hold=0 match=1 vc1=0 vc2=0 fill1=0 fill2=0 goes=11 dones=10
MODE f=2113 1->2 hold=0 match=1 vc1=0 vc2=0 fill1=0 fill2=0 goes=11 dones=10
MODE f=2116 2->3 hold=0 match=1 vc1=0 vc2=0 fill1=0 fill2=0 goes=11 dones=10
MODE f=2117 3->8 hold=0 match=1 vc1=0 vc2=0 fill1=0 fill2=0 goes=11 dones=10
MODE f=2204 8->0 hold=0 match=1 vc1=0 vc2=0 fill1=0 fill2=0 goes=11 dones=10
MODE f=2221 0->1 hold=0 match=1 vc1=0 vc2=0 fill1=0 fill2=0 goes=11 dones=10
MODE f=2233 1->2 hold=0 match=1 vc1=0 vc2=0 fill1=0 fill2=0 goes=11 dones=10
MODE f=2236 2->3 hold=0 match=1 vc1=0 vc2=0 fill1=0 fill2=0 goes=11 dones=10
MODE f=2237 3->8 hold=0 match=1 vc1=0 vc2=0 fill1=0 fill2=0 goes=11 dones=10
MODE f=2334 8->0 hold=0 match=1 vc1=0 vc2=0 fill1=0 fill2=0 goes=11 dones=10
MODE f=2371 0->1 hold=0 match=1 vc1=0 vc2=0 fill1=0 fill2=0 goes=11 dones=10
MODE f=2377 1->2 hold=0 match=1 vc1=0 vc2=0 fill1=0 fill2=0 goes=11 dones=10
MODE f=2380 2->3 hold=0 match=1 vc1=0 vc2=0 fill1=0 fill2=0 goes=11 dones=10
MODE f=2381 3->8 hold=0 match=1 vc1=0 vc2=0 fill1=0 fill2=0 goes=11 dones=10
MODE f=2464 8->0 hold=0 match=1 vc1=0 vc2=0 fill1=0 fill2=0 goes=11 dones=10
MODE f=2491 0->1 hold=0 match=1 vc1=0 vc2=0 fill1=0 fill2=0 goes=11 dones=10
MODE f=2497 1->2 hold=0 match=1 vc1=0 vc2=0 fill1=0 fill2=0 goes=11 dones=10
MODE f=2500 2->3 hold=0 match=1 vc1=0 vc2=0 fill1=0 fill2=0 goes=11 dones=10
MODE f=2501 3->8 hold=0 match=1 vc1=0 vc2=0 fill1=0 fill2=0 goes=11 dones=10
MODE f=2594 8->0 hold=0 match=1 vc1=0 vc2=0 fill1=0 fill2=0 goes=11 dones=10
MODE f=2611 0->1 hold=0 match=1 vc1=0 vc2=0 fill1=0 fill2=0 goes=11 dones=10
MODE f=2617 1->2 hold=0 match=1 vc1=0 vc2=0 fill1=0 fill2=0 goes=11 dones=10
MODE f=2620 2->3 hold=0 match=1 vc1=0 vc2=0 fill1=0 fill2=0 goes=11 dones=10
MODE f=2621 3->8 hold=0 match=1 vc1=0 vc2=0 fill1=0 fill2=0 goes=11 dones=10
MODE f=2724 8->0 hold=0 match=1 vc1=0 vc2=0 fill1=0 fill2=0 goes=11 dones=10
MODE f=2761 0->1 hold=0 match=1 vc1=0 vc2=0 fill1=0 fill2=0 goes=11 dones=10
MODE f=2773 1->2 hold=0 match=1 vc1=0 vc2=0 fill1=0 fill2=0 goes=11 dones=10
MODE f=2776 2->3 hold=0 match=1 vc1=0 vc2=0 fill1=0 fill2=0 goes=11 dones=10
MODE f=2777 3->8 hold=0 match=1 vc1=0 vc2=0 fill1=0 fill2=0 goes=11 dones=10
MODE f=2854 8->0 hold=0 match=1 vc1=0 vc2=0 fill1=0 fill2=0 goes=11 dones=10
MODE f=2881 0->1 hold=0 match=1 vc1=0 vc2=0 fill1=0 fill2=0 goes=11 dones=10
MODE f=2893 1->2 hold=0 match=1 vc1=0 vc2=0 fill1=0 fill2=0 goes=11 dones=10
MODE f=2896 2->3 hold=0 match=1 vc1=0 vc2=0 fill1=0 fill2=0 goes=11 dones=10
MODE f=2897 3->8 hold=0 match=1 vc1=0 vc2=0 fill1=0 fill2=0 goes=11 dones=10
MODE f=2984 8->0 hold=0 match=1 vc1=0 vc2=0 fill1=0 fill2=0 goes=11 dones=10
MODE f=3001 0->1 hold=0 match=1 vc1=0 vc2=0 fill1=0 fill2=0 goes=11 dones=10
MODE f=3013 1->2 hold=0 match=1 vc1=0 vc2=0 fill1=0 fill2=0 goes=11 dones=10
MODE f=3016 2->3 hold=0 match=1 vc1=0 vc2=0 fill1=0 fill2=0 goes=11 dones=10
MODE f=3017 3->8 hold=0 match=1 vc1=0 vc2=0 fill1=0 fill2=0 goes=11 dones=10
MODE f=3114 8->0 hold=0 match=1 vc1=0 vc2=0 fill1=0 fill2=0 goes=11 dones=10
MODE f=3151 0->1 hold=0 match=1 vc1=0 vc2=0 fill1=0 fill2=0 goes=11 dones=10
MODE f=3157 1->2 hold=0 match=1 vc1=0 vc2=0 fill1=0 fill2=0 goes=11 dones=10
MODE f=3160 2->3 hold=0 match=1 vc1=0 vc2=0 fill1=0 fill2=0 goes=11 dones=10
MODE f=3161 3->8 hold=0 match=1 vc1=0 vc2=0 fill1=0 fill2=0 goes=11 dones=10
MODE f=3244 8->0 hold=0 match=1 vc1=0 vc2=0 fill1=0 fill2=0 goes=11 dones=10
MODE f=3271 0->1 hold=0 match=1 vc1=0 vc2=0 fill1=0 fill2=0 goes=11 dones=10
MODE f=3277 1->2 hold=0 match=1 vc1=0 vc2=0 fill1=0 fill2=0 goes=11 dones=10
MODE f=3280 2->3 hold=0 match=1 vc1=0 vc2=0 fill1=0 fill2=0 goes=11 dones=10
MODE f=3281 3->8 hold=0 match=1 vc1=0 vc2=0 fill1=0 fill2=0 goes=11 dones=10
MODE f=3374 8->0 hold=0 match=1 vc1=0 vc2=0 fill1=0 fill2=0 goes=11 dones=10
MODE f=3391 0->1 hold=0 match=1 vc1=0 vc2=0 fill1=0 fill2=0 goes=11 dones=10
MODE f=3397 1->2 hold=0 match=1 vc1=0 vc2=0 fill1=0 fill2=0 goes=11 dones=10
MODE f=3400 2->3 hold=0 match=1 vc1=0 vc2=0 fill1=0 fill2=0 goes=11 dones=10
MODE f=3401 3->8 hold=0 match=1 vc1=0 vc2=0 fill1=0 fill2=0 goes=11 dones=10
MODE f=3504 8->0 hold=0 match=1 vc1=0 vc2=0 fill1=0 fill2=0 goes=11 dones=10
MODE f=3541 0->1 hold=0 match=1 vc1=0 vc2=0 fill1=0 fill2=0 goes=11 dones=10
MODE f=3553 1->2 hold=0 match=1 vc1=0 vc2=0 fill1=0 fill2=0 goes=11 dones=10
MODE f=3556 2->3 hold=0 match=1 vc1=0 vc2=0 fill1=0 fill2=0 goes=11 dones=10
MODE f=3557 3->8 hold=0 match=1 vc1=0 vc2=0 fill1=0 fill2=0 goes=11 dones=10
MODE f=3634 8->0 hold=0 match=1 vc1=0 vc2=0 fill1=0 fill2=0 goes=11 dones=10
MODE f=3661 0->1 hold=0 match=1 vc1=0 vc2=0 fill1=0 fill2=0 goes=11 dones=10
MODE f=3673 1->2 hold=0 match=1 vc1=0 vc2=0 fill1=0 fill2=0 goes=11 dones=10
MODE f=3676 2->3 hold=0 match=1 vc1=0 vc2=0 fill1=0 fill2=0 goes=11 dones=10
MODE f=3677 3->8 hold=0 match=1 vc1=0 vc2=0 fill1=0 fill2=0 goes=11 dones=10
MODE f=3764 8->0 hold=0 match=1 vc1=0 vc2=0 fill1=0 fill2=0 goes=11 dones=10
MODE f=3781 0->1 hold=0 match=1 vc1=0 vc2=0 fill1=0 fill2=0 goes=11 dones=10
MODE f=3793 1->2 hold=0 match=1 vc1=0 vc2=0 fill1=0 fill2=0 goes=11 dones=10
MODE f=3796 2->3 hold=0 match=1 vc1=0 vc2=0 fill1=0 fill2=0 goes=11 dones=10
MODE f=3797 3->8 hold=0 match=1 vc1=0 vc2=0 fill1=0 fill2=0 goes=11 dones=10
MODE f=3894 8->0 hold=0 match=1 vc1=0 vc2=0 fill1=0 fill2=0 goes=11 dones=10
MODE f=3931 0->1 hold=0 match=1 vc1=0 vc2=0 fill1=0 fill2=0 goes=11 dones=10
MODE f=3937 1->2 hold=0 match=1 vc1=0 vc2=0 fill1=0 fill2=0 goes=11 dones=10
MODE f=3940 2->3 hold=0 match=1 vc1=0 vc2=0 fill1=0 fill2=0 goes=11 dones=10
MODE f=3941 3->8 hold=0 match=1 vc1=0 vc2=0 fill1=0 fill2=0 goes=11 dones=10
MODE f=4024 8->0 hold=0 match=1 vc1=0 vc2=0 fill1=0 fill2=0 goes=11 dones=10
MODE f=4051 0->1 hold=0 match=1 vc1=0 vc2=0 fill1=0 fill2=0 goes=11 dones=10
MODE f=4057 1->2 hold=0 match=1 vc1=0 vc2=0 fill1=0 fill2=0 goes=11 dones=10
MODE f=4060 2->3 hold=0 match=1 vc1=0 vc2=0 fill1=0 fill2=0 goes=11 dones=10
MODE f=4061 3->8 hold=0 match=1 vc1=0 vc2=0 fill1=0 fill2=0 goes=11 dones=10
MODE f=4154 8->0 hold=0 match=1 vc1=0 vc2=0 fill1=0 fill2=0 goes=11 dones=10
MODE f=4171 0->1 hold=0 match=1 vc1=0 vc2=0 fill1=0 fill2=0 goes=11 dones=10
MODE f=4177 1->2 hold=0 match=1 vc1=0 vc2=0 fill1=0 fill2=0 goes=11 dones=10
MODE f=4180 2->3 hold=0 match=1 vc1=0 vc2=0 fill1=0 fill2=0 goes=11 dones=10
MODE f=4181 3->8 hold=0 match=1 vc1=0 vc2=0 fill1=0 fill2=0 goes=11 dones=10
MODE f=4284 8->0 hold=0 match=1 vc1=0 vc2=0 fill1=0 fill2=0 goes=11 dones=10
MODE f=4321 0->1 hold=0 match=1 vc1=0 vc2=0 fill1=0 fill2=0 goes=11 dones=10
MODE f=4333 1->2 hold=0 match=1 vc1=0 vc2=0 fill1=0 fill2=0 goes=11 dones=10
MODE f=4336 2->3 hold=0 match=1 vc1=0 vc2=0 fill1=0 fill2=0 goes=11 dones=10
MODE f=4337 3->8 hold=0 match=1 vc1=0 vc2=0 fill1=0 fill2=0 goes=11 dones=10
MODE f=4414 8->0 hold=0 match=1 vc1=0 vc2=0 fill1=0 fill2=0 goes=11 dones=10
MODE f=4441 0->1 hold=0 match=1 vc1=0 vc2=0 fill1=0 fill2=0 goes=11 dones=10
MODE f=4453 1->2 hold=0 match=1 vc1=0 vc2=0 fill1=0 fill2=0 goes=11 dones=10
MODE f=4456 2->3 hold=0 match=1 vc1=0 vc2=0 fill1=0 fill2=0 goes=11 dones=10
MODE f=4457 3->8 hold=0 match=1 vc1=0 vc2=0 fill1=0 fill2=0 goes=11 dones=10
MODE f=4544 8->0 hold=0 match=1 vc1=0 vc2=0 fill1=0 fill2=0 goes=11 dones=10
MODE f=4561 0->1 hold=0 match=1 vc1=0 vc2=0 fill1=0 fill2=0 goes=11 dones=10
MODE f=4573 1->2 hold=0 match=1 vc1=0 vc2=0 fill1=0 fill2=0 goes=11 dones=10
MODE f=4576 2->3 hold=0 match=1 vc1=0 vc2=0 fill1=0 fill2=0 goes=11 dones=10
MODE f=4577 3->8 hold=0 match=1 vc1=0 vc2=0 fill1=0 fill2=0 goes=11 dones=10
MODE f=4674 8->0 hold=0 match=1 vc1=0 vc2=0 fill1=0 fill2=0 goes=11 dones=10
MODE f=4711 0->1 hold=0 match=1 vc1=0 vc2=0 fill1=0 fill2=0 goes=11 dones=10
MODE f=4717 1->2 hold=0 match=1 vc1=0 vc2=0 fill1=0 fill2=0 goes=11 dones=10
MODE f=4720 2->3 hold=0 match=1 vc1=0 vc2=0 fill1=0 fill2=0 goes=11 dones=10
MODE f=4721 3->8 hold=0 match=1 vc1=0 vc2=0 fill1=0 fill2=0 goes=11 dones=10
MODE f=4804 8->0 hold=0 match=1 vc1=0 vc2=0 fill1=0 fill2=0 goes=11 dones=10
MODE f=4831 0->1 hold=0 match=1 vc1=0 vc2=0 fill1=0 fill2=0 goes=11 dones=10
MODE f=4837 1->2 hold=0 match=1 vc1=0 vc2=0 fill1=0 fill2=0 goes=11 dones=10
MODE f=4840 2->3 hold=0 match=1 vc1=0 vc2=0 fill1=0 fill2=0 goes=11 dones=10
MODE f=4841 3->8 hold=0 match=1 vc1=0 vc2=0 fill1=0 fill2=0 goes=11 dones=10
MODE f=4934 8->0 hold=0 match=1 vc1=0 vc2=0 fill1=0 fill2=0 goes=11 dones=10
MODE f=4951 0->1 hold=0 match=1 vc1=0 vc2=0 fill1=0 fill2=0 goes=11 dones=10
MODE f=4957 1->2 hold=0 match=1 vc1=0 vc2=0 fill1=0 fill2=0 goes=11 dones=10
MODE f=4960 2->3 hold=0 match=1 vc1=0 vc2=0 fill1=0 fill2=0 goes=11 dones=10
MODE f=4961 3->8 hold=0 match=1 vc1=0 vc2=0 fill1=0 fill2=0 goes=11 dones=10
MODE f=5064 8->0 hold=0 match=1 vc1=0 vc2=0 fill1=0 fill2=0 goes=11 dones=10
MODE f=5101 0->1 hold=0 match=1 vc1=0 vc2=0 fill1=0 fill2=0 goes=11 dones=10
MODE f=5113 1->2 hold=0 match=1 vc1=0 vc2=0 fill1=0 fill2=0 goes=11 dones=10
MODE f=5116 2->3 hold=0 match=1 vc1=0 vc2=0 fill1=0 fill2=0 goes=11 dones=10
MODE f=5117 3->8 hold=0 match=1 vc1=0 vc2=0 fill1=0 fill2=0 goes=11 dones=10
MODE f=5194 8->0 hold=0 match=1 vc1=0 vc2=0 fill1=0 fill2=0 goes=11 dones=10
MODE f=5221 0->1 hold=0 match=1 vc1=0 vc2=0 fill1=0 fill2=0 goes=11 dones=10
MODE f=5233 1->2 hold=0 match=1 vc1=0 vc2=0 fill1=0 fill2=0 goes=11 dones=10
MODE f=5236 2->3 hold=0 match=1 vc1=0 vc2=0 fill1=0 fill2=0 goes=11 dones=10
MODE f=5237 3->8 hold=0 match=1 vc1=0 vc2=0 fill1=0 fill2=0 goes=11 dones=10
MODE f=5324 8->0 hold=0 match=1 vc1=0 vc2=0 fill1=0 fill2=0 goes=11 dones=10
MODE f=5341 0->1 hold=0 match=1 vc1=0 vc2=0 fill1=0 fill2=0 goes=11 dones=10
MODE f=5353 1->2 hold=0 match=1 vc1=0 vc2=0 fill1=0 fill2=0 goes=11 dones=10
MODE f=5356 2->3 hold=0 match=1 vc1=0 vc2=0 fill1=0 fill2=0 goes=11 dones=10
MODE f=5357 3->8 hold=0 match=1 vc1=0 vc2=0 fill1=0 fill2=0 goes=11 dones=10
MODE f=5454 8->0 hold=0 match=1 vc1=0 vc2=0 fill1=0 fill2=0 goes=11 dones=10
MODE f=5491 0->1 hold=0 match=1 vc1=0 vc2=0 fill1=0 fill2=0 goes=11 dones=10
MODE f=5497 1->2 hold=0 match=1 vc1=0 vc2=0 fill1=0 fill2=0 goes=11 dones=10
MODE f=5500 2->3 hold=0 match=1 vc1=0 vc2=0 fill1=0 fill2=0 goes=11 dones=10
MODE f=5501 3->8 hold=0 match=1 vc1=0 vc2=0 fill1=0 fill2=0 goes=11 dones=10
MODE f=5584 8->0 hold=0 match=1 vc1=0 vc2=0 fill1=0 fill2=0 goes=11 dones=10
MODE f=5611 0->1 hold=0 match=1 vc1=0 vc2=0 fill1=0 fill2=0 goes=11 dones=10
MODE f=5617 1->2 hold=0 match=1 vc1=0 vc2=0 fill1=0 fill2=0 goes=11 dones=10
MODE f=5620 2->3 hold=0 match=1 vc1=0 vc2=0 fill1=0 fill2=0 goes=11 dones=10
MODE f=5621 3->8 hold=0 match=1 vc1=0 vc2=0 fill1=0 fill2=0 goes=11 dones=10
MODE f=5714 8->0 hold=0 match=1 vc1=0 vc2=0 fill1=0 fill2=0 goes=11 dones=10
MODE f=5731 0->1 hold=0 match=1 vc1=0 vc2=0 fill1=0 fill2=0 goes=11 dones=10
MODE f=5737 1->2 hold=0 match=1 vc1=0 vc2=0 fill1=0 fill2=0 goes=11 dones=10
MODE f=5740 2->3 hold=0 match=1 vc1=0 vc2=0 fill1=0 fill2=0 goes=11 dones=10
MODE f=5741 3->8 hold=0 match=1 vc1=0 vc2=0 fill1=0 fill2=0 goes=11 dones=10
MODE f=5844 8->0 hold=0 match=1 vc1=0 vc2=0 fill1=0 fill2=0 goes=11 dones=10
MODE f=5881 0->1 hold=0 match=1 vc1=0 vc2=0 fill1=0 fill2=0 goes=11 dones=10
MODE f=5893 1->2 hold=0 match=1 vc1=0 vc2=0 fill1=0 fill2=0 goes=11 dones=10
MODE f=5896 2->3 hold=0 match=1 vc1=0 vc2=0 fill1=0 fill2=0 goes=11 dones=10
MODE f=5897 3->8 hold=0 match=1 vc1=0 vc2=0 fill1=0 fill2=0 goes=11 dones=10
MODE f=5974 8->0 hold=0 match=1 vc1=0 vc2=0 fill1=0 fill2=0 goes=11 dones=10
MODE f=6001 0->1 hold=0 match=1 vc1=0 vc2=0 fill1=0 fill2=0 goes=11 dones=10
MODE f=6013 1->2 hold=0 match=1 vc1=0 vc2=0 fill1=0 fill2=0 goes=11 dones=10
MODE f=6016 2->3 hold=0 match=1 vc1=0 vc2=0 fill1=0 fill2=0 goes=11 dones=10
MODE f=6017 3->8 hold=0 match=1 vc1=0 vc2=0 fill1=0 fill2=0 goes=11 dones=10
MODE f=6104 8->0 hold=0 match=1 vc1=0 vc2=0 fill1=0 fill2=0 goes=11 dones=10
MODE f=6121 0->1 hold=0 match=1 vc1=0 vc2=0 fill1=0 fill2=0 goes=11 dones=10
MODE f=6133 1->2 hold=0 match=1 vc1=0 vc2=0 fill1=0 fill2=0 goes=11 dones=10
SUMMARY tag=v8plain-hb1-nofix frames=18000 goes=11 dones=10 matches_ended=2 hold_episodes=1 patho_frames=0 patho_first=-1
